# Command:
#   > ./chroot_setup.sh chroot_OPS_SC1.lst /QOpenSys/root_path

#
# copy dirs list
# (
#  mkdir -p $CHROOT_DIR/path
#  cp -R  /path/* $CHROOT_DIR/path/.
# )
#
:cp_dir
/QOpenSys/QIBM/ProdData/SC1

#
# relative links list
# (
#   ls -l /QOpenSys/usr/bin/c_rehash
#   /QOpenSys/usr/bin/c_rehash -> ../../QIBM/ProdData/SC1/OpenSSL/openssl-0.9.8j/bin/c_rehash
#   cd $CHROOT_DIR/QOpenSys/usr/bin/
#   ln ../../QIBM/ProdData/SC1/OpenSSL/openssl-0.9.8j/bin/c_rehash c_rehash
# )
#
:ln_rel
/QOpenSys/usr/bin/c_rehash ../../QIBM/ProdData/SC1/OpenSSL/bin/c_rehash
/QOpenSys/usr/bin/openssl ../../QIBM/ProdData/SC1/OpenSSL/bin/openssl
/QOpenSys/usr/bin/scp ../../QIBM/ProdData/SC1/OpenSSH/bin/scp
/QOpenSys/usr/bin/sftp ../../QIBM/ProdData/SC1/OpenSSH/bin/sftp
/QOpenSys/usr/bin/ssh ../../QIBM/ProdData/SC1/OpenSSH/bin/ssh
/QOpenSys/usr/bin/ssh-add ../../QIBM/ProdData/SC1/OpenSSH/bin/ssh-add
/QOpenSys/usr/bin/ssh-agent ../../QIBM/ProdData/SC1/OpenSSH/bin/ssh-agent
/QOpenSys/usr/bin/ssh-keygen ../../QIBM/ProdData/SC1/OpenSSH/bin/ssh-keygen
/QOpenSys/usr/bin/ssh-keyscan ../../QIBM/ProdData/SC1/OpenSSH/bin/ssh-keyscan
/QOpenSys/usr/lib/libcrypto.a ../../QIBM/ProdData/SC1/OpenSSL/lib/libcrypto.a
/QOpenSys/usr/lib/libssl.a ../../QIBM/ProdData/SC1/OpenSSL/lib/libssl.a
/QOpenSys/usr/lib/libz.a ../../QIBM/ProdData/SC1/zlib/lib/libz.a
/QOpenSys/usr/lib/libz.so ../../QIBM/ProdData/SC1/zlib/lib/libz.so


