# includes: /QOpenSys/QIBM/ProdData/OPS/.qptfinf.QPYDB.dat
# includes: /QOpenSys/QIBM/ProdData/OPS/.qptfinf.QPYTLKT.dat
# includes: /QOpenSys/QIBM/ProdData/OPS/.qptfinf.QPYFLIP.dat
# includes: /QOpenSys/QIBM/ProdData/OPS/.qptfinf.QPYBTL.dat
# includes: /QOpenSys/QIBM/ProdData/OPS/.qptfinf.QPYTHON.dat
# includes: /QOpenSys/QIBM/ProdData/OPS/.qptfinf.QPY2.dat
# includes: /QOpenSys/QIBM/ProdData/OPS/.qptfinf.QGCC.dat
#
# ignore (qptfinf): /QOpenSys/QIBM/ProdData/OPS/.qptfinf.QPY2.dat

:cp_dir
/QOpenSys/QIBM/ProdData/OPS/Python2.7

:ln_rel
/QOpenSys/usr/lib/libpython2.7.so /QOpenSys/QIBM/ProdData/OPS/Python2.7/lib/libpython2.7.so
/QOpenSys/usr/bin/python /QOpenSys/QIBM/ProdData/OPS/Python2.7/bin/python
/QOpenSys/usr/bin/python2 /QOpenSys/QIBM/ProdData/OPS/Python2.7/bin/python2
/QOpenSys/usr/bin/python2.7 /QOpenSys/QIBM/ProdData/OPS/Python2.7/bin/python2.7
/QOpenSys/usr/bin/python-config /QOpenSys/QIBM/ProdData/OPS/Python2.7/bin/python-config
/QOpenSys/usr/bin/python2-config /QOpenSys/QIBM/ProdData/OPS/Python2.7/bin/python2-config
/QOpenSys/usr/bin/python2.7-config /QOpenSys/QIBM/ProdData/OPS/Python2.7/bin/python2.7-config
/QOpenSys/usr/bin/pip /QOpenSys/QIBM/ProdData/OPS/Python2.7/bin/pip
/QOpenSys/usr/bin/pip2 /QOpenSys/QIBM/ProdData/OPS/Python2.7/bin/pip2
/QOpenSys/usr/bin/pip2.7 /QOpenSys/QIBM/ProdData/OPS/Python2.7/bin/pip2.7
/QOpenSys/usr/bin/pydoc /QOpenSys/QIBM/ProdData/OPS/Python2.7/bin/pydoc
/QOpenSys/usr/bin/pydoc /QOpenSys/QIBM/ProdData/OPS/Python2.7/bin/pydoc
/QOpenSys/usr/bin/easy_install /QOpenSys/QIBM/ProdData/OPS/Python2.7/bin/easy_install
/QOpenSys/usr/bin/easy_install-2.7 /QOpenSys/QIBM/ProdData/OPS/Python2.7/bin/easy_install-2.7




