# Command:
#   > ./pkg_setup.sh pkg_git-2.2.2-1.lst
# Use:
#   > export PATH=/opt/freeware/bin:$PATH
#   > export LIBPATH=/opt/freeware/lib:$LIBPATH (if error, remove ':$LIBPATH')
#   > any_util (below)
# Contents:
# Other files:

#
# read file
#
:file
pkg_perzl_bash-4.3.lst

# 
# rpm list
#
:rpm
http://www.oss4aix.org/download/RPMS/bzip2/bzip2-1.0.5-3.aix5.3.ppc.rpm
http://www.oss4aix.org/download/RPMS/curl/curl-7.40.0-1.aix5.1.ppc.rpm
http://www.oss4aix.org/download/RPMS/db4/db4-4.7.25-2.aix5.1.ppc.rpm
http://www.oss4aix.org/download/RPMS/expat/expat-2.1.0-1.aix5.1.ppc.rpm
http://www.oss4aix.org/download/RPMS/fontconfig/fontconfig-2.10.2-1.aix5.1.ppc.rpm
http://www.oss4aix.org/download/RPMS/freetype2/freetype2-2.5.3-1.aix5.1.ppc.rpm
http://www.oss4aix.org/download/RPMS/gdbm/gdbm-1.11-1.aix5.1.ppc.rpm
http://www.oss4aix.org/download/RPMS/gettext/gettext-0.10.40-8.aix5.2.ppc.rpm
http://www.oss4aix.org/download/RPMS/glib2/glib2-2.34.3-1.aix5.1.ppc.rpm
http://www.oss4aix.org/download/RPMS/gmp/gmp-6.0.0a-1.aix5.1.ppc.rpm
http://www.oss4aix.org/download/RPMS/info/info-5.1-2.aix5.1.ppc.rpm
http://www.oss4aix.org/download/RPMS/less/less-466-1.aix5.1.ppc.rpm
http://www.oss4aix.org/download/RPMS/libffi/libffi-3.2.1-1.aix5.1.ppc.rpm
http://www.oss4aix.org/download/RPMS/gcc/libgcc-4.8.3-1.aix6.1.ppc.rpm
http://www.oss4aix.org/download/RPMS/libiconv/libiconv-1.14-2.aix5.1.ppc.rpm
http://www.oss4aix.org/download/RPMS/libidn/libidn-1.29-1.aix5.1.ppc.rpm
http://www.oss4aix.org/download/RPMS/libssh2/libssh2-1.4.3-2.aix5.1.ppc.rpm
http://www.oss4aix.org/download/RPMS/gcc/libstdc++-4.8.3-1.aix6.1.ppc.rpm
http://www.oss4aix.org/download/RPMS/libXft/libXft-2.3.1-1.aix5.1.ppc.rpm
http://www.oss4aix.org/download/RPMS/libXrender/libXrender-0.9.8-1.aix6.1.ppc.rpm
http://www.oss4aix.org/download/RPMS/openldap/openldap-2.4.23-0.3.aix5.1.ppc.rpm
http://www.oss4aix.org/download/RPMS/openssl/openssl-1.0.1l-1.aix5.1.ppc.rpm
http://www.oss4aix.org/download/RPMS/perl/perl-5.8.8-2.aix5.1.ppc.rpm
http://www.oss4aix.org/download/RPMS/pkg-config/pkg-config-0.28-1.aix5.1.ppc.rpm
http://www.oss4aix.org/download/RPMS/popt/popt-1.7-2.aix5.1.ppc.rpm
# Git works without python in all my (Aaron) uses, so I left it out to speed up download/install
#http://www.oss4aix.org/download/RPMS/python/python-2.6.8-1.aix6.1.ppc.rpm
#http://www.oss4aix.org/download/RPMS/python/python-libs-2.6.8-1.aix6.1.ppc.rpm
http://www.oss4aix.org/download/RPMS/readline/readline-6.3-5.aix5.1.ppc.rpm
http://www.oss4aix.org/download/RPMS/rsync/rsync-3.1.1-1.aix5.1.ppc.rpm
http://www.oss4aix.org/download/RPMS/sqlite/sqlite-3.8.7.1-1.aix5.1.ppc.rpm
http://www.oss4aix.org/download/RPMS/tcl/tcl-8.6.3-1.aix5.1.ppc.rpm
http://www.oss4aix.org/download/RPMS/tk/tk-8.6.3-1.aix5.1.ppc.rpm
http://www.oss4aix.org/download/RPMS/zlib/zlib-1.2.4-2.aix5.1.ppc.rpm
http://www.oss4aix.org/download/RPMS/git/git-2.2.2-1.aix5.1.ppc.rpm

