# Command:
#   > ./pkg_setup.sh pkg_perzl_utils.lst
# Use:
#   > export PATH=/opt/freeware/bin:$PATH
#   > export LIBPATH=/opt/freeware/lib:$LIBPATH (if error, remove ':$LIBPATH')
#   > any_util (below)
# Contents:
#  Libraries:
#   libiconv: GNU libiconv provides an iconv() implementation
#   libidn: Libidn's purpose is to encode and decode internationalized domain names.
#   libz: Zlib is a general-purpose, patent-free, lossless data compression library which is used by many different programs.
#   pcre: Perl-compatible regular expression library
#   readline: Readline library provides a set of functions that allow users to edit command lines
#   openssl: Secure Sockets Layer, Transport Layer Security and cryptography library
#   libssh2: libssh2 is a library implementing the SSH2 protocol
#   openldap: Lightweight Directory Access Protocol
#  Utilities:
#   info: GNU project uses the texinfo file format for much of its documentation.
#   bash: GNU Bourne Again shell (Bash) is a shell
#   sed:  The sed (Stream EDitor) editor is a stream or batch (non-interactive) editor.
#   grep: GNU versions of commonly used grep utilities.
#   nedit: NEdit is a GUI text editor for the X Window System and Motif.
#   bzip2: compression utility
#   gzip: data compression program. Gzipped files have a .gz extension.
#   unzip: utility is used to list, test, or extract files from a zip archive
#   zip: program is a compression and file packaging utility
#   tar: GNU tar program

#
# read file
#
:file
pkg_perzl_bash-4.3.lst

#
# rpm list
#
:rpm
# libs
http://www.oss4aix.org/download/RPMS/libiconv/libiconv-1.14-2.aix5.1.ppc.rpm
http://www.oss4aix.org/download/RPMS/libidn/libidn-1.29-1.aix5.1.ppc.rpm
http://www.oss4aix.org/download/RPMS/zlib/zlib-1.2.4-2.aix5.1.ppc.rpm
http://www.oss4aix.org/download/RPMS/pcre/pcre-8.36-1.aix5.1.ppc.rpm
http://www.oss4aix.org/download/RPMS/readline/readline-6.3-5.aix5.1.ppc.rpm
http://www.oss4aix.org/download/RPMS/openssl/openssl-1.0.1j-1.aix5.1.ppc.rpm
http://www.oss4aix.org/download/RPMS/libssh2/libssh2-1.4.3-2.aix5.1.ppc.rpm
http://www.oss4aix.org/download/RPMS/openldap/openldap-2.4.23-0.3.aix5.1.ppc.rpm
# utils
http://www.oss4aix.org/download/RPMS/info/info-5.2-1.aix5.1.ppc.rpm
#http://www.oss4aix.org/download/RPMS/bash/bash-4.3-13.aix5.1.ppc.rpm
http://www.oss4aix.org/download/RPMS/sed/sed-4.2.2-1.aix5.1.ppc.rpm
http://www.oss4aix.org/download/RPMS/grep/grep-2.20-1.aix5.1.ppc.rpm
http://www.oss4aix.org/download/RPMS/nedit/nedit-5.5-1.aix5.1.ppc.rpm
http://www.oss4aix.org/download/RPMS/bzip2/bzip2-1.0.5-3.aix5.3.ppc.rpm
http://www.oss4aix.org/download/RPMS/gzip/gzip-1.5-1.aix5.1.ppc.rpm
http://www.oss4aix.org/download/RPMS/unzip/unzip-6.0-2.aix5.1.ppc.rpm
http://www.oss4aix.org/download/RPMS/zip/zip-3.0-1.aix5.1.ppc.rpm
http://www.oss4aix.org/download/RPMS/tar/tar-1.28-1.aix5.1.ppc.rpm
