# includes: /QOpenSys/QIBM/ProdData/OPS/.qptfinf.QPYTHON.dat
#
# ignore (qptfinf): /QOpenSys/QIBM/ProdData/OPS/.qptfinf.QPYTHON.dat
# ignore (file): /QOpenSys/QIBM/ProdData/OPS/.qptfinf.QPYTHON.dat

:cp_dir
/QOpenSys/QIBM/ProdData/OPS/Python3.4

:ln_rel
/QOpenSys/usr/lib/libpython3.4m.so /QOpenSys/QIBM/ProdData/OPS/Python3.4/lib/libpython3.4m.so
/QOpenSys/usr/bin/python3 /QOpenSys/QIBM/ProdData/OPS/Python3.4/bin/python3
/QOpenSys/usr/bin/python3.4 /QOpenSys/QIBM/ProdData/OPS/Python3.4/bin/python3.4
/QOpenSys/usr/bin/pip3 /QOpenSys/QIBM/ProdData/OPS/Python3.4/bin/pip3
/QOpenSys/usr/bin/pip3.4 /QOpenSys/QIBM/ProdData/OPS/Python3.4/bin/pip3.4
/QOpenSys/usr/bin/2to3 /QOpenSys/QIBM/ProdData/OPS/Python3.4/bin/2to3
/QOpenSys/usr/bin/2to3-3.4 /QOpenSys/QIBM/ProdData/OPS/Python3.4/bin/2to3-3.4
/QOpenSys/usr/bin/python3-config /QOpenSys/QIBM/ProdData/OPS/Python3.4/bin/python3-config
/QOpenSys/usr/bin/python3.4-config /QOpenSys/QIBM/ProdData/OPS/Python3.4/bin/python3.4-config
/QOpenSys/usr/bin/python3.4m-config /QOpenSys/QIBM/ProdData/OPS/Python3.4/bin/python3.4m-config
/QOpenSys/usr/bin/pydoc3 /QOpenSys/QIBM/ProdData/OPS/Python3.4/bin/pydoc3
/QOpenSys/usr/bin/pydoc3.4 /QOpenSys/QIBM/ProdData/OPS/Python3.4/bin/pydoc3.4
/QOpenSys/usr/bin/pyvenv /QOpenSys/QIBM/ProdData/OPS/Python3.4/bin/pyvenv
/QOpenSys/usr/bin/pyvenv-3.4 /QOpenSys/QIBM/ProdData/OPS/Python3.4/bin/pyvenv-3.4
/QOpenSys/usr/bin/easy_install3 /QOpenSys/QIBM/ProdData/OPS/Python3.4/bin/easy_install-3.4
/QOpenSys/usr/bin/easy_install-3.4 /QOpenSys/QIBM/ProdData/OPS/Python3.4/bin/easy_install-3.4
/QOpenSys/QIBM/ProdData/OPS/Python3.4/bin/python3 python3.4
/QOpenSys/QIBM/ProdData/OPS/Python3.4/bin/python3.4-config python3.4m-config
/QOpenSys/QIBM/ProdData/OPS/Python3.4/bin/python3-config python3.4-config
/QOpenSys/QIBM/ProdData/OPS/Python3.4/bin/idle3 idle3.4
/QOpenSys/QIBM/ProdData/OPS/Python3.4/bin/pydoc3 pydoc3.4
/QOpenSys/QIBM/ProdData/OPS/Python3.4/bin/2to3 2to3-3.4
/QOpenSys/QIBM/ProdData/OPS/Python3.4/bin/pyvenv pyvenv-3.4
/QOpenSys/QIBM/ProdData/OPS/Python3.4/lib/pkgconfig/python-3.4m.pc python-3.4.pc
/QOpenSys/QIBM/ProdData/OPS/Python3.4/lib/pkgconfig/python3.pc python-3.4.pc




