# Commands:
#   > ./pkg_setup.sh pkg_perzl_nginx-1.11.8-1.lst
#   > rpm --ignoreos --ignorearch --replacepkgs --nodeps -hUv --noscripts nginx-1.11.8-1.aix5.3.ppc.rpm
# Use:
#   > export PATH=/opt/freeware/bin:$PATH
#   > export LIBPATH=/opt/freeware/lib:$LIBPATH (if error, remove ':$LIBPATH')
#   > any_util (below)
# Notes:
#   requires pkg_perzl_gcc-4.8.3.lst

#
# rpm list
#
:rpm
#Nginx
http://www.oss4aix.org/download/RPMS/nginx/nginx-1.11.8-1.aix5.3.ppc.rpm
#Nginx Dependencies
http://www.oss4aix.org/download/RPMS/GeoIP/GeoIP-1.5.1-1.aix5.1.ppc.rpm
http://www.oss4aix.org/download/RPMS/GeoIP/GeoIP-devel-1.5.1-1.aix5.1.ppc.rpm
http://www.oss4aix.org/download/RPMS/libxslt/libxslt-1.1.29-1.aix5.1.ppc.rpm
http://www.oss4aix.org/download/RPMS/libxslt/libxslt-devel-1.1.29-1.aix5.1.ppc.rpm
http://www.oss4aix.org/download/RPMS/gd/gd-2.0.35-5.aix5.1.ppc.rpm
http://www.oss4aix.org/download/RPMS/gd/gd-devel-2.0.35-5.aix5.1.ppc.rpm
http://www.oss4aix.org/download/RPMS/libgcrypt/libgcrypt-1.6.6-1.aix5.2.ppc.rpm
http://www.oss4aix.org/download/RPMS/fontconfig/fontconfig-2.12.0-1.aix5.1.ppc.rpm
http://www.oss4aix.org/download/RPMS/libgpg-error/libgpg-error-1.23-1.aix5.1.ppc.rpm
http://www.oss4aix.org/download/RPMS/expat/expat-2.2.0-1.aix5.1.ppc.rpm
http://www.oss4aix.org/download/RPMS/gcc/libgcc-4.8.4-1.aix5.3.ppc.rpm
Raw
