# Command:
#   > ./pkg_setup.sh pkg_perzl_php-7.0.13.lst
# Use:
#   > export PATH=/opt/freeware/bin:$PATH
#   > export LIBPATH=/opt/freeware/lib:$LIBPATH (if error, remove ':$LIBPATH')
#   > any_util (below)
# Notes:
#   requires pkg_perzl_gcc-4.8.3.lst

#
# rpm list
#
:rpm
# PHP
http://www.oss4aix.org/download/RPMS/php/mod_php_ap22-7.0.13-1.aix5.1.ppc.rpm
http://www.oss4aix.org/download/RPMS/php/mod_php_ap24-7.0.13-1.aix5.1.ppc.rpm
http://www.oss4aix.org/download/RPMS/php/php-cli-7.0.13-1.aix5.1.ppc.rpm
http://www.oss4aix.org/download/RPMS/php/php-common-7.0.13-1.aix5.1.ppc.rpm
http://www.oss4aix.org/download/RPMS/php/php-devel-7.0.13-1.aix5.1.ppc.rpm
http://www.oss4aix.org/download/RPMS/php/php-fpm-7.0.13-1.aix5.1.ppc.rpm
http://www.oss4aix.org/download/RPMS/php/php-opcache-7.0.13-1.aix5.1.ppc.rpm
#Dependencies
http://www.oss4aix.org/download/RPMS/bzip2/bzip2-1.0.2-4.aix5.1.ppc.rpm
http://www.oss4aix.org/download/RPMS/curl/curl-7.51.0-1.aix5.1.ppc.rpm
http://www.oss4aix.org/download/RPMS/freetype2/freetype2-2.7-1.aix5.1.ppc.rpm
http://www.oss4aix.org/download/RPMS/libjpeg/libjpeg-9b-2.aix5.1.ppc.rpm
http://www.oss4aix.org/download/RPMS/libpng/libpng-1.6.26-1.aix5.1.ppc.rpm
http://www.oss4aix.org/download/RPMS/libmcrypt/libmcrypt-2.5.8-5.aix5.1.ppc.rpm
http://www.oss4aix.org/download/RPMS/libssh2/libssh2-1.8.0-1.aix5.1.ppc.rpm
http://www.oss4aix.org/download/RPMS/libtool/libtool-ltdl-2.4.6-1.aix5.1.ppc.rpm
http://www.oss4aix.org/download/RPMS/libxml2/libxml2-2.9.4-1.aix5.1.ppc.rpm
http://www.oss4aix.org/download/RPMS/libXpm/libXpm-3.5.11-1.aix5.1.ppc.rpm
http://www.oss4aix.org/download/RPMS/openssl/openssl-1.0.2j-2.aix5.1.ppc.rpm
http://www.oss4aix.org/download/RPMS/openldap/openldap-2.4.23-0.5.aix5.1.ppc.rpm
http://www.oss4aix.org/download/RPMS/pcre/pcre-8.39-1.aix5.1.ppc.rpm
http://www.oss4aix.org/download/RPMS/xz/xz-libs-5.2.2-1.aix5.1.ppc.rpm
http://www.oss4aix.org/download/RPMS/zlib/zlib-1.2.3-7.aix5.1.ppc.rpm
#http://www.oss4aix.org/download/RPMS/libiconv/libiconv-1.14-3.aix5.1.ppc.rpm
#Apache
#http://www.oss4aix.org/download/RPMS/apache/httpd-2.2.31-1.aix5.1.ppc.rpm