# Command:
#   > ./pkg_setup.sh pkg_perzl_gcc-4.6.2.lst
# Use:
#   > export PATH=/opt/freeware/bin:$PATH
#   > export LIBPATH=/opt/freeware/lib:$LIBPATH (if error, remove ':$LIBPATH')
#   > any_util (below)
# Contents:
#   GNU Compiler Collection (GCC): Suite of compilers for several programming languages;
#   GNU make: Automation tool for compilation and build;
#   GNU Binutils: Suite of tools including linker, assembler and other tools;
#   GNU Bison: Parser generator
#   GNU m4: m4 macro processor
#   GNU Debugger (GDB): Code debugging tool
#   GNU build system (autotools):
#       Autoconf: GNU's Autoconf is a tool for configuring source code and Makefiles.
#       Automake: Automake is a tool for automatically generating `Makefile.in' files compliant with the GNU Coding Standards.
#       Libtool: GNU Libtool is a set of shell scripts which automatically configure UNIX and UNIX-like systems to generically build shared libraries.
# Other files:
#   pkg_perzl_utils.lst
#   pkg_perzl_perl-5.8.8.lst
#   pkg_perzl_python-2.6.8.lst

#
# read file
#
:file
pkg_perzl_utils.lst
pkg_perzl_perl-5.8.8.lst
# pkg_perzl_python-2.6.8.lst

#
# rpm list
#
:rpm
# gcc
http://www.oss4aix.org/download/RPMS/gcc/gcc-4.6.2-1.aix6.1.ppc.rpm
http://www.oss4aix.org/download/RPMS/gcc/gcc-c++-4.6.2-1.aix6.1.ppc.rpm
http://www.oss4aix.org/download/RPMS/gcc/gcc-cpp-4.6.2-1.aix6.1.ppc.rpm
http://www.oss4aix.org/download/RPMS/gcc/libgcc-4.6.2-1.aix6.1.ppc.rpm
http://www.oss4aix.org/download/RPMS/gcc/libgomp-4.6.2-1.aix6.1.ppc.rpm
http://www.oss4aix.org/download/RPMS/gcc/libstdc++-4.6.2-1.aix6.1.ppc.rpm
http://www.oss4aix.org/download/RPMS/mpfr/mpfr-3.1.2-1.aix5.1.ppc.rpm
http://www.oss4aix.org/download/RPMS/gmp/gmp-5.0.5-1.aix5.1.ppc.rpm
http://www.oss4aix.org/download/RPMS/libmpc/libmpc-1.0.1-2.aix5.1.ppc.rpm
http://www.oss4aix.org/download/RPMS/libsigsegv/libsigsegv-2.10-1.aix5.1.ppc.rpm
# utils
http://www.oss4aix.org/download/RPMS/make/make-4.1-1.aix5.3.ppc.rpm
http://www.oss4aix.org/download/RPMS/binutils/binutils-2.24-1.aix5.1.ppc.rpm
http://www.oss4aix.org/download/RPMS/bison/bison-3.0.4-1.aix5.1.ppc.rpm
http://www.oss4aix.org/download/RPMS/m4/m4-1.4.10-1.aix5.1.ppc.rpm
http://www.oss4aix.org/download/RPMS/gdb/gdb-7.8.2-1.aix5.1.ppc.rpm
# autotools
http://www.oss4aix.org/download/RPMS/autoconf/autoconf-2.63-1.aix5.1.ppc.rpm
http://www.oss4aix.org/download/RPMS/automake/automake-1.14.1-1.aix5.1.ppc.rpm
http://www.oss4aix.org/download/RPMS/libtool/libtool-1.5.26-2.aix5.1.ppc.rpm

